// Jest Snapshot v1, https://goo.gl/fbAQLP

exports[`Match the snapshot - Title 1`] = `
<h4
  className="card-title"
/>
`;
