// Jest Snapshot v1, https://goo.gl/fbAQLP

exports[`Match the snapshot - Release 1`] = `<h6 />`;
